configuring build_error 0.1
> lean --make src
err.lean:1:0: error: command expected
external command exited with status 1
1
