> mkdir -p new
> cd new
> mkdir src
> git init -q
configuring new 0.1
.
..
.git
.gitignore
leanpkg.path
leanpkg.toml
src
0
