int.add (-1) 1 : ℤ
-1 : ℤ
2 + -1 : ℤ
2 + -1 : ℤ
f (-1) : ℤ
2 * -1 : ℤ
2 * -1 : ℤ
f 1 < -2 : Prop
- -2 : ℤ
