bad_error5.lean:9:0: warning: declaration 'V' uses sorry
