p q r s : Prop,
h1_left : p,
h1_right : q,
h2_left : r,
h2_right : s
⊢ s ∧ q
p q r s : Prop,
a_left : p,
a_right : q,
a_1_left : r,
a_1_right : s
⊢ s ∧ q
------------
p q r s : Prop,
h1_left : p,
h1_right : q,
h2_left : r,
h2_right : s
⊢ s ∧ q
p q r s : Prop,
a_left : p,
a_right : q,
a_1_left : r,
a_1_right : s
⊢ s ∧ q
