α : Type u,
l r : tree α,
lo v hi : α,
lt : α → α → Prop,
h_hs₁ : is_searchable lt l lo v,
h_hs₂ : is_searchable lt r v hi
⊢ true
