"abc"
(some "a")
(some "")
none
(some "abc")
(some "bcde")
(some "abcde")
(some "ab")
none
none
(some "a")
(some "a")
