[[fst_2, snd]]
[[x, h_1]]
[[a_1, b, c], [d_2, e_1], [f, g]]
